{"items":[{"name":"AWS","apiVersion":"infrastructure.cluster.x-k8s.io/v1beta2","description":"Amazon Web Services infrastructure provider"},{"name":"Azure","apiVersion":"infrastructure.cluster.x-k8s.io/v1beta1","description":"Microsoft Azure infrastructure provider"},{"name":"GCP","apiVersion":"infrastructure.cluster.x-k8s.io/v1beta1","description":"Google Cloud Platform infrastructure provider"},{"name":"vSphere","apiVersion":"infrastructure.cluster.x-k8s.io/v1beta1","description":"VMware vSphere infrastructure provider"}],"note":"Commonly available providers; the controllers deployed in the management cluster determine which are actually installed."}