vSphere Cluster: test-clusters/my-vsphere-cluster

Cluster Information:
  Phase: 
  Infrastructure Ready: false
  Control Plane Ready: false

Infrastructure:
  Kind: VSphereCluster
  Name: my-vsphere-cluster

Note: For detailed vSphere infrastructure information (datacenter, datastore, etc.),
you would need to query the VSphereCluster resource directly.
