{"items":[{"name":"cluster-ns2","namespace":"multi-ns-1","ready":false,"controlPlaneReady":false,"infrastructureReady":false,"provider":"unknown","totalMachines":0,"readyMachines":0},{"name":"cluster-ns3","namespace":"multi-ns-2","ready":false,"controlPlaneReady":false,"infrastructureReady":false,"provider":"unknown","totalMachines":0,"readyMachines":0},{"name":"cluster-ns1","namespace":"test-clusters","ready":false,"controlPlaneReady":false,"infrastructureReady":false,"provider":"unknown","totalMachines":0,"readyMachines":0}]}