{"items":[{"name":"aws-cluster-1","namespace":"aws-ns-1","ready":false,"controlPlaneReady":false,"infrastructureReady":false,"provider":"aws","totalMachines":0,"readyMachines":0},{"name":"aws-cluster-2","namespace":"aws-ns-2","ready":false,"controlPlaneReady":false,"infrastructureReady":false,"provider":"aws","totalMachines":0,"readyMachines":0}]}