{"items":[{"name":"aws-deleting","namespace":"test-clusters","phase":"Deleting","ready":false,"controlPlaneReady":false,"infrastructureReady":false,"provider":"aws","totalMachines":0,"readyMachines":0},{"name":"aws-failed","namespace":"test-clusters","phase":"Failed","ready":false,"controlPlaneReady":false,"infrastructureReady":false,"provider":"aws","totalMachines":0,"readyMachines":0},{"name":"aws-pending","namespace":"test-clusters","phase":"Pending","ready":false,"controlPlaneReady":false,"infrastructureReady":false,"provider":"aws","totalMachines":0,"readyMachines":0},{"name":"aws-provisioned","namespace":"test-clusters","phase":"Provisioned","ready":false,"controlPlaneReady":false,"infrastructureReady":false,"provider":"aws","totalMachines":0,"readyMachines":0},{"name":"aws-provisioning","namespace":"test-clusters","phase":"Provisioning","ready":false,"controlPlaneReady":false,"infrastructureReady":false,"provider":"aws","totalMachines":0,"readyMachines":0}]}