{"items":[{"name":"aws-v128","namespace":"test-clusters","ready":false,"controlPlaneReady":false,"infrastructureReady":false,"provider":"aws","version":"v1.28.0","totalMachines":0,"readyMachines":0},{"name":"aws-v129","namespace":"test-clusters","ready":false,"controlPlaneReady":false,"infrastructureReady":false,"provider":"aws","version":"v1.29.0","totalMachines":0,"readyMachines":0}]}