{"items":[{"name":"azure-cluster-1","namespace":"azure-ns-1","ready":false,"controlPlaneReady":false,"infrastructureReady":false,"provider":"azure","totalMachines":0,"readyMachines":0},{"name":"azure-cluster-2","namespace":"azure-ns-2","ready":false,"controlPlaneReady":false,"infrastructureReady":false,"provider":"azure","totalMachines":0,"readyMachines":0}]}