{"items":[{"name":"azure-deleting","namespace":"test-clusters","phase":"Deleting","ready":false,"controlPlaneReady":false,"infrastructureReady":false,"provider":"azure","totalMachines":0,"readyMachines":0},{"name":"azure-failed","namespace":"test-clusters","phase":"Failed","ready":false,"controlPlaneReady":false,"infrastructureReady":false,"provider":"azure","totalMachines":0,"readyMachines":0},{"name":"azure-pending","namespace":"test-clusters","phase":"Pending","ready":false,"controlPlaneReady":false,"infrastructureReady":false,"provider":"azure","totalMachines":0,"readyMachines":0},{"name":"azure-provisioned","namespace":"test-clusters","phase":"Provisioned","ready":false,"controlPlaneReady":false,"infrastructureReady":false,"provider":"azure","totalMachines":0,"readyMachines":0},{"name":"azure-provisioning","namespace":"test-clusters","phase":"Provisioning","ready":false,"controlPlaneReady":false,"infrastructureReady":false,"provider":"azure","totalMachines":0,"readyMachines":0}]}