{"items":[{"name":"azure-cluster-1","namespace":"test-clusters","ready":false,"controlPlaneReady":false,"infrastructureReady":false,"provider":"azure","version":"v1.28.0","totalMachines":0,"readyMachines":0},{"name":"azure-cluster-2","namespace":"test-clusters","ready":false,"controlPlaneReady":false,"infrastructureReady":false,"provider":"azure","version":"v1.31.0","totalMachines":0,"readyMachines":0}]}