{"items":[{"name":"gcp-cluster-1","namespace":"gcp-ns-1","ready":false,"controlPlaneReady":false,"infrastructureReady":false,"provider":"gcp","totalMachines":0,"readyMachines":0},{"name":"gcp-cluster-2","namespace":"gcp-ns-2","ready":false,"controlPlaneReady":false,"infrastructureReady":false,"provider":"gcp","totalMachines":0,"readyMachines":0}]}