{"items":[{"name":"gcp-deleting","namespace":"test-clusters","phase":"Deleting","ready":false,"controlPlaneReady":false,"infrastructureReady":false,"provider":"gcp","totalMachines":0,"readyMachines":0},{"name":"gcp-failed","namespace":"test-clusters","phase":"Failed","ready":false,"controlPlaneReady":false,"infrastructureReady":false,"provider":"gcp","totalMachines":0,"readyMachines":0},{"name":"gcp-pending","namespace":"test-clusters","phase":"Pending","ready":false,"controlPlaneReady":false,"infrastructureReady":false,"provider":"gcp","totalMachines":0,"readyMachines":0},{"name":"gcp-provisioned","namespace":"test-clusters","phase":"Provisioned","ready":false,"controlPlaneReady":false,"infrastructureReady":false,"provider":"gcp","totalMachines":0,"readyMachines":0},{"name":"gcp-provisioning","namespace":"test-clusters","phase":"Provisioning","ready":false,"controlPlaneReady":false,"infrastructureReady":false,"provider":"gcp","totalMachines":0,"readyMachines":0}]}