{"items":[{"name":"gcp-cluster-1","namespace":"test-clusters","ready":false,"controlPlaneReady":false,"infrastructureReady":false,"provider":"gcp","totalMachines":0,"readyMachines":0},{"name":"gcp-cluster-2","namespace":"test-clusters","ready":false,"controlPlaneReady":false,"infrastructureReady":false,"provider":"gcp","totalMachines":0,"readyMachines":0}]}