{"items":[{"name":"active-cluster","namespace":"test-clusters","phase":"Provisioned","ready":false,"controlPlaneReady":false,"infrastructureReady":false,"provider":"aws","totalMachines":0,"readyMachines":0},{"name":"paused-cluster","namespace":"test-clusters","ready":false,"paused":true,"controlPlaneReady":false,"infrastructureReady":false,"provider":"azure","totalMachines":0,"readyMachines":0}]}