{"items":[{"name":"aws-cluster","namespace":"test-clusters","phase":"Provisioned","ready":false,"controlPlaneReady":false,"infrastructureReady":false,"provider":"aws","totalMachines":0,"readyMachines":0},{"name":"azure-cluster","namespace":"test-clusters","phase":"Provisioned","ready":false,"controlPlaneReady":false,"infrastructureReady":false,"provider":"azure","totalMachines":0,"readyMachines":0},{"name":"gcp-cluster","namespace":"test-clusters","phase":"Pending","ready":false,"controlPlaneReady":false,"infrastructureReady":false,"provider":"gcp","totalMachines":0,"readyMachines":0}]}