{"items":[{"name":"nonexistent-cluster-1","namespace":"nonexistent-ns-1","ready":false,"controlPlaneReady":false,"infrastructureReady":false,"provider":"unknown","totalMachines":0,"readyMachines":0},{"name":"nonexistent-cluster-2","namespace":"nonexistent-ns-2","ready":false,"controlPlaneReady":false,"infrastructureReady":false,"provider":"unknown","totalMachines":0,"readyMachines":0}]}