{"items":[{"name":"vcd-deleting","namespace":"test-clusters","phase":"Deleting","ready":false,"controlPlaneReady":false,"infrastructureReady":false,"provider":"vcd","totalMachines":0,"readyMachines":0},{"name":"vcd-failed","namespace":"test-clusters","phase":"Failed","ready":false,"controlPlaneReady":false,"infrastructureReady":false,"provider":"vcd","totalMachines":0,"readyMachines":0},{"name":"vcd-pending","namespace":"test-clusters","phase":"Pending","ready":false,"controlPlaneReady":false,"infrastructureReady":false,"provider":"vcd","totalMachines":0,"readyMachines":0},{"name":"vcd-provisioned","namespace":"test-clusters","phase":"Provisioned","ready":false,"controlPlaneReady":false,"infrastructureReady":false,"provider":"vcd","totalMachines":0,"readyMachines":0},{"name":"vcd-provisioning","namespace":"test-clusters","phase":"Provisioning","ready":false,"controlPlaneReady":false,"infrastructureReady":false,"provider":"vcd","totalMachines":0,"readyMachines":0}]}