{"items":[{"name":"vcd-cluster-1","namespace":"vcd-ns-1","ready":false,"controlPlaneReady":false,"infrastructureReady":false,"provider":"vcd","totalMachines":0,"readyMachines":0},{"name":"vcd-cluster-2","namespace":"vcd-ns-2","ready":false,"controlPlaneReady":false,"infrastructureReady":false,"provider":"vcd","totalMachines":0,"readyMachines":0}]}