{"items":[{"name":"vsphere-cluster-1","namespace":"test-clusters","ready":false,"controlPlaneReady":false,"infrastructureReady":false,"provider":"vsphere","totalMachines":0,"readyMachines":0},{"name":"vsphere-cluster-2","namespace":"test-clusters","ready":false,"controlPlaneReady":false,"infrastructureReady":false,"provider":"vsphere","totalMachines":0,"readyMachines":0}]}