{"items":[{"name":"vsphere-cluster-1","namespace":"vsphere-ns-1","ready":false,"controlPlaneReady":false,"infrastructureReady":false,"provider":"vsphere","totalMachines":0,"readyMachines":0},{"name":"vsphere-cluster-2","namespace":"vsphere-ns-2","ready":false,"controlPlaneReady":false,"infrastructureReady":false,"provider":"vsphere","totalMachines":0,"readyMachines":0}]}