{"items":[{"name":"md-1","namespace":"test-clusters","clusterName":"test-cluster","replicas":3,"readyReplicas":3,"updatedReplicas":0,"availableReplicas":3,"version":"v1.29.0"},{"name":"md-2","namespace":"test-clusters","clusterName":"test-cluster","replicas":2,"readyReplicas":1,"updatedReplicas":0,"availableReplicas":1,"version":"v1.28.0"}]}