{"items":[{"name":"md-running","namespace":"test-clusters","clusterName":"test-cluster","phase":"Running","replicas":3,"readyReplicas":3,"updatedReplicas":0,"availableReplicas":3},{"name":"md-scaling","namespace":"test-clusters","clusterName":"test-cluster","phase":"ScalingUp","replicas":5,"readyReplicas":3,"updatedReplicas":0,"availableReplicas":3}]}