{"items":[{"name":"md-v128","namespace":"test-clusters","clusterName":"test-cluster","replicas":3,"readyReplicas":0,"updatedReplicas":0,"availableReplicas":0,"version":"v1.28.0"},{"name":"md-v129","namespace":"test-clusters","clusterName":"test-cluster","replicas":2,"readyReplicas":0,"updatedReplicas":0,"availableReplicas":0,"version":"v1.29.0"}]}