GCP Cluster: test-clusters/my-gcp-cluster

Cluster Information:
  Phase: 
  Infrastructure Ready: false
  Control Plane Ready: false

Infrastructure:
  Kind: GCPCluster
  Name: my-gcp-cluster

Note: For detailed GCP infrastructure information (VPC, firewall rules, etc.),
you would need to query the GCPCluster resource directly.
