GCP Cluster: test-clusters/my-managed-cluster

Cluster Information:
  Phase: 
  Infrastructure Ready: false
  Control Plane Ready: false

Infrastructure:
  Kind: GCPManagedCluster
  Name: my-managed-cluster

Note: For detailed GCP infrastructure information (VPC, firewall rules, etc.),
you would need to query the GCPCluster resource directly.
