{"name":"my-gcp-cluster","namespace":"test-clusters","infrastructureReady":false,"controlPlaneReady":false,"infrastructure":{"kind":"GCPCluster","name":"my-gcp-cluster"},"network":{"podCIDRs":["192.168.0.0/16"]},"note":"Provider-specific infrastructure details (VPC, subnets, firewall rules) live on the GCPCluster resource, which this tool does not read."}