{"name":"custom-resources-node","uid":"<UID>","createdAt":"<TIMESTAMP>","schedulable":true,"nodeInfo":{"operatingSystem":"linux","osImage":"Ubuntu 22.04.3 LTS","kernelVersion":"5.15.0-91-generic","containerRuntimeVersion":"containerd://1.7.2","kubeletVersion":"v1.29.0","architecture":"amd64"},"capacity":{"cpu":"16","memory":"64Gi","pods":"250"},"allocatable":{"cpu":"15500m","memory":"62Gi","pods":"250"},"conditions":[{"type":"Ready","status":"True","reason":"KubeletReady","message":"kubelet is posting ready status"}],"addresses":[{"type":"InternalIP","address":"10.0.0.31"},{"type":"Hostname","address":"custom-resources-node"}],"taints":[{"key":"node.kubernetes.io/not-ready","effect":"NoSchedule"}]}