{"name":"not-ready-node","uid":"<UID>","createdAt":"<TIMESTAMP>","schedulable":true,"nodeInfo":{"operatingSystem":"linux","osImage":"Ubuntu 22.04.3 LTS","kernelVersion":"5.15.0-91-generic","containerRuntimeVersion":"containerd://1.7.2","kubeletVersion":"v1.29.0","architecture":"amd64"},"capacity":{"cpu":"4","memory":"8Gi","pods":"110"},"allocatable":{"cpu":"3500m","memory":"7Gi","pods":"110"},"conditions":[{"type":"Ready","status":"False","reason":"KubeletNotReady","message":"container runtime network not ready"},{"type":"MemoryPressure","status":"False","reason":"KubeletHasSufficientMemory","message":"kubelet has sufficient memory available"}],"addresses":[{"type":"InternalIP","address":"10.0.0.5"},{"type":"Hostname","address":"not-ready-node"}],"taints":[{"key":"node.kubernetes.io/not-ready","effect":"NoSchedule"}]}