Node: provider-node

Basic Information:
  UID: 7c5001db-217a-4d1c-ab94-aa996da403dd
  Created: 2026-02-24 10:28:14 +0000 UTC
  Schedulable: true
  Provider ID: aws:///us-east-1a/i-1234567890abcdef0

Node Info:
  OS: linux (Ubuntu 22.04.3 LTS)
  Kernel: 5.15.0-91-generic
  Container Runtime: containerd://1.7.2
  Kubelet: v1.29.0
  Architecture: amd64

Resources:
  Capacity:
    CPU: 4
    Memory: 8Gi
    Pods: 110
  Allocatable:
    CPU: 3500m
    Memory: 7Gi
    Pods: 110

Conditions:
  - Type: Ready
    Status: True
    Reason: KubeletReady
    Message: kubelet is posting ready status

Addresses:
  - InternalIP: 10.0.0.4
  - ExternalIP: 54.123.45.67
  - Hostname: provider-node

Taints:
  - Key: node.kubernetes.io/not-ready
    Effect: NoSchedule
