{"name":"provider-node","uid":"<UID>","createdAt":"<TIMESTAMP>","schedulable":true,"providerID":"aws:///us-east-1a/i-1234567890abcdef0","nodeInfo":{"operatingSystem":"linux","osImage":"Ubuntu 22.04.3 LTS","kernelVersion":"5.15.0-91-generic","containerRuntimeVersion":"containerd://1.7.2","kubeletVersion":"v1.29.0","architecture":"amd64"},"capacity":{"cpu":"4","memory":"8Gi","pods":"110"},"allocatable":{"cpu":"3500m","memory":"7Gi","pods":"110"},"conditions":[{"type":"Ready","status":"True","reason":"KubeletReady","message":"kubelet is posting ready status"}],"addresses":[{"type":"InternalIP","address":"10.0.0.4"},{"type":"ExternalIP","address":"54.123.45.67"},{"type":"Hostname","address":"provider-node"}],"taints":[{"key":"node.kubernetes.io/not-ready","effect":"NoSchedule"}]}