{"name":"full-ms","namespace":"test-clusters","clusterName":"test-cluster","replicas":5,"currentReplicas":5,"readyReplicas":4,"availableReplicas":3,"template":{"version":"v1.29.0","infrastructure":{"kind":"AWSMachineTemplate","name":"aws-mt","apiVersion":"infrastructure.cluster.x-k8s.io/v1beta1"},"bootstrap":{"kind":"KubeadmConfigTemplate","name":"bootstrap-config","apiVersion":"bootstrap.cluster.x-k8s.io/v1beta1"}},"owners":[{"kind":"MachineDeployment","name":"parent-md"}]}