MachineSet: test-clusters/cond-ms

Basic Information:
  Cluster: test-cluster
  Desired Replicas: 3

Status:
  Total Replicas: 3
  Ready Replicas: 3
  Available Replicas: 3

Machine Template:

Conditions:
  - Type: Ready
    Status: True
    Reason: MachinesReady
    Message: All machines are ready
