MachineSet: test-clusters/multi-cond-ms

Basic Information:
  Cluster: test-cluster
  Desired Replicas: 3

Status:
  Total Replicas: 3
  Ready Replicas: 1
  Available Replicas: 1

Machine Template:

Conditions:
  - Type: Ready
    Status: False
    Reason: MachinesNotReady
    Message: 2 of 3 machines are not ready
  - Type: MachinesCreated
    Status: True
    Reason: MachinesCreated
