{"name":"multi-cond-ms","namespace":"test-clusters","clusterName":"test-cluster","replicas":3,"currentReplicas":3,"readyReplicas":1,"availableReplicas":1,"template":{},"conditions":[{"type":"Ready","status":"False","reason":"MachinesNotReady","message":"2 of 3 machines are not ready"},{"type":"MachinesCreated","status":"True","reason":"MachinesCreated"}]}