{"provider":"azure","requiredCredentials":["AZURE_SUBSCRIPTION_ID","AZURE_TENANT_ID","AZURE_CLIENT_ID","AZURE_CLIENT_SECRET"],"optionalSettings":["AZURE_ENVIRONMENT (AzurePublicCloud, AzureGermanCloud, ...)"],"resources":[{"kind":"AzureCluster","description":"Manages resource group, vnet, subnets"},{"kind":"AzureMachine","description":"Individual VM instances"},{"kind":"AzureMachineTemplate","description":"Template for creating machines"},{"kind":"AzureManagedControlPlane","description":"AKS-based control plane"}]}