{"provider":"gcp","requiredCredentials":["GOOGLE_APPLICATION_CREDENTIALS (path to service account key)","GCP_PROJECT_ID","GCP_REGION"],"optionalSettings":["GCP_NETWORK (custom network name)"],"resources":[{"kind":"GCPCluster","description":"Manages VPC, subnets, firewall rules"},{"kind":"GCPMachine","description":"Individual GCE instances"},{"kind":"GCPMachineTemplate","description":"Template for creating machines"}]}