{"items":[{"name":"ms-1","namespace":"test-clusters","clusterName":"test-cluster","replicas":3,"currentReplicas":3,"readyReplicas":3,"availableReplicas":3},{"name":"ms-2","namespace":"test-clusters","clusterName":"test-cluster","replicas":2,"currentReplicas":2,"readyReplicas":1,"availableReplicas":1}]}