AWS Clusters:

Cluster: test-clusters/cluster-pending
  Infrastructure: AWSCluster
  Phase: Pending
  Ready: false
  Provider: AWS (confirmed)

Cluster: test-clusters/cluster-provisioned
  Infrastructure: AWSCluster
  Phase: Provisioned
  Ready: false
  Provider: AWS (confirmed)

Total AWS clusters: 2
