{"name":"my-managed-cluster","namespace":"test-clusters","infrastructureReady":false,"controlPlaneReady":false,"infrastructure":{"kind":"AzureManagedCluster","name":"my-managed-cluster"},"network":{"podCIDRs":["192.168.0.0/16"]},"note":"Provider-specific infrastructure details (resource group, virtual network, subnets) live on the AzureCluster resource, which this tool does not read."}