{"name":"full-cluster","namespace":"test-clusters","phase":"Provisioned","ready":true,"controlPlaneReady":false,"infrastructureReady":false,"provider":"aws","version":"v1.29.0","totalMachines":3,"readyMachines":3,"conditions":[{"type":"Ready","status":"True","reason":"ClusterReady","message":"Cluster is fully operational"},{"type":"ControlPlaneReady","status":"True","reason":"ControlPlaneInitialized","message":"Control plane is ready"},{"type":"InfrastructureReady","status":"True","reason":"InfrastructureProvisioned","message":"Infrastructure is ready"}]}