{"name":"ready-cluster","namespace":"test-clusters","phase":"Provisioned","ready":true,"controlPlaneReady":true,"infrastructureReady":true,"provider":"aws","totalMachines":2,"readyMachines":2,"conditions":[{"type":"Ready","status":"True","reason":"ClusterReady","message":"Cluster is fully operational"}]}