{"name":"mixed-cluster","namespace":"test-clusters","phase":"Provisioned","ready":true,"controlPlaneReady":false,"infrastructureReady":false,"provider":"aws","totalMachines":0,"readyMachines":0,"conditions":[{"type":"Ready","status":"True","reason":"ClusterReady","message":"Cluster is ready"},{"type":"ControlPlaneReady","status":"False","reason":"CPNotReady","message":"Control plane not ready"},{"type":"InfrastructureReady","status":"True","reason":"InfraReady","message":"Infrastructure is ready"}]}