{"name":"healthy-cluster","namespace":"test-clusters","ready":true,"controlPlaneReady":false,"infrastructureReady":false,"provider":"aws","totalMachines":0,"readyMachines":0,"conditions":[{"type":"Ready","status":"True","reason":"ClusterReady","message":"Cluster is fully operational"},{"type":"ControlPlaneReady","status":"True","reason":"ControlPlaneInitialized","message":"Control plane is ready"},{"type":"InfrastructureReady","status":"True","reason":"InfrastructureProvisioned","message":"Infrastructure is ready"}]}