{"namespace":"test-clusters","name":"failed-cluster","healthy":false,"controlPlaneReady":false,"infrastructureReady":false,"workersReady":false,"issues":["Control plane is not ready","Infrastructure is not ready","Only 0/0 machines are ready"],"warnings":["Cluster phase is 'Failed', expected 'Provisioned'"],"recommendations":["Check control plane pods and logs","Verify API server connectivity","Check infrastructure provider status","Verify cloud resources are provisioned","Check machine status with capi_list_machines","Review machine deployment events"]}