📦 Cluster Backup for test-clusters/rich-backup-cluster

Backup Configuration:
  • Format: yaml
  • Include Secrets: false

📋 Backup Instructions:
1. Save the backup content below to a file
2. Store in a secure location (git, S3, etc.)
3. Test restore procedure in a non-production environment

🔧 Recommended Backup Tools:
• Velero - Complete cluster backup solution
  velero backup create <backup-name> --include-namespaces=<namespace>
• etcd snapshot - For control plane state
• Git repositories - For GitOps managed clusters

⚠️  Important Notes:
• This backup includes CAPI resources only
• Workload data is NOT included
• Infrastructure provider resources may need separate backup

📄 Backup Content:
```yaml
# Cluster Backup
# Cluster: test-clusters/rich-backup-cluster
# Date: <TIMESTAMP>
# Resources included:
# - Cluster
# - Control Plane
# - MachineDeployments
# - Infrastructure Resources
---
# This is a placeholder implementation
# Use velero or similar tools for complete cluster backup
# Example: velero backup create cluster-backup --include-namespaces=<namespace>

```

💾 To save this backup:
1. Copy the content between the ``` markers
2. Save to a file: cluster-test-clusters-rich-backup-cluster-backup.yaml
3. Encrypt if it contains secrets
