{"name":"full-machine","namespace":"test-clusters","clusterName":"full-cluster","phase":"Running","version":"v1.29.0","providerID":"aws:///us-east-1/i-1234567890","ready":true,"node":{"name":"full-machine-node"},"bootstrap":{"kind":"KubeadmConfig","name":"full-machine-bootstrap"},"infrastructure":{"kind":"AWSMachine","name":"full-machine-infra"},"addresses":[{"type":"InternalIP","address":"10.0.1.5"},{"type":"ExternalIP","address":"54.123.45.67"}],"conditions":[{"type":"Ready","status":"True","reason":"MachineReady","message":"Machine is ready"},{"type":"InfrastructureReady","status":"True","reason":"InfraReady","message":"Infra provisioned"}]}