{"name":"nocond-machine","namespace":"test-clusters","clusterName":"nocond-cluster","phase":"Running","version":"v1.29.0","ready":false,"bootstrap":{"kind":"KubeadmConfig","name":"nocond-bootstrap","apiVersion":"bootstrap.cluster.x-k8s.io/v1beta1"},"infrastructure":{"kind":"AWSMachine","name":"nocond-infra","apiVersion":"infrastructure.cluster.x-k8s.io/v1beta1"}}