{"name":"mixed-2","namespace":"test-clusters","phase":"Provisioning","ready":false,"controlPlaneReady":false,"infrastructureReady":false,"provider":"azure","totalMachines":0,"readyMachines":0,"conditions":[{"type":"Ready","status":"False","reason":"ClusterNotReady","message":"Cluster not ready"},{"type":"InfrastructureReady","status":"True","reason":"InfraReady","message":"Infrastructure is ready"}]}