{"items":[{"name":"healthy-cluster-machine-0","namespace":"test-clusters","clusterName":"healthy-cluster","nodeName":"healthy-cluster-machine-0-node","ready":false},{"name":"healthy-cluster-machine-1","namespace":"test-clusters","clusterName":"healthy-cluster","nodeName":"healthy-cluster-machine-1-node","ready":false},{"name":"healthy-cluster-machine-2","namespace":"test-clusters","clusterName":"healthy-cluster","nodeName":"healthy-cluster-machine-2-node","ready":false}]}