Found 3 machines:

Machine: test-clusters/my-cluster-machine-0
  Cluster: my-cluster
  Node: my-cluster-machine-0-node
  Ready: false

Machine: test-clusters/my-cluster-machine-1
  Cluster: my-cluster
  Node: my-cluster-machine-1-node
  Ready: false

Machine: test-clusters/my-cluster-machine-2
  Cluster: my-cluster
  Ready: false

