{"items":[{"name":"my-cluster-machine-0","namespace":"test-clusters","clusterName":"my-cluster","nodeName":"my-cluster-machine-0-node","ready":true},{"name":"my-cluster-machine-1","namespace":"test-clusters","clusterName":"my-cluster","nodeName":"my-cluster-machine-1-node","ready":true},{"name":"my-cluster-machine-2","namespace":"test-clusters","clusterName":"my-cluster","ready":false}]}