{"items":[{"name":"cluster-x-machine-0","namespace":"test-clusters","clusterName":"cluster-x","nodeName":"cluster-x-machine-0-node","ready":false},{"name":"cluster-x-machine-1","namespace":"test-clusters","clusterName":"cluster-x","ready":false},{"name":"cluster-y-machine-0","namespace":"test-clusters","clusterName":"cluster-y","nodeName":"cluster-y-machine-0-node","ready":false}]}