{"items":[{"name":"unhealthy-cluster-machine-0","namespace":"test-clusters","clusterName":"unhealthy-cluster","ready":false},{"name":"unhealthy-cluster-machine-1","namespace":"test-clusters","clusterName":"unhealthy-cluster","ready":false},{"name":"unhealthy-cluster-machine-2","namespace":"test-clusters","clusterName":"unhealthy-cluster","ready":false}]}