Found 3 machines:

Machine: test-clusters/unhealthy-cluster-machine-0
  Cluster: unhealthy-cluster
  Ready: false

Machine: test-clusters/unhealthy-cluster-machine-1
  Cluster: unhealthy-cluster
  Ready: false

Machine: test-clusters/unhealthy-cluster-machine-2
  Cluster: unhealthy-cluster
  Ready: false

