{"namespace":"test-clusters","name":"my-cluster","kubeconfig":"apiVersion: v1\nkind: Config\nclusters:\n- cluster:\n    server: https://my-cluster-api.example.com:6443\n  name: my-cluster\ncontexts:\n- context:\n    cluster: my-cluster\n    user: my-cluster-admin\n  name: my-cluster\ncurrent-context: my-cluster\nusers:\n- name: my-cluster-admin\n  user:\n    client-certificate-data: dGVzdC1jZXJ0\n    client-key-data: dGVzdC1rZXk="}