{"name":"my-managed-cluster","namespace":"test-clusters","infrastructureReady":false,"controlPlaneReady":false,"infrastructure":{"kind":"AWSManagedCluster","name":"my-managed-cluster","apiVersion":"infrastructure.cluster.x-k8s.io/v1beta1"},"network":{"podCIDRs":["192.168.0.0/16"]},"note":"Provider-specific infrastructure details (VPC, subnets, security groups) live on the AWSCluster resource, which this tool does not read."}