{"name":"my-aws-cluster","namespace":"test-clusters","infrastructureReady":false,"controlPlaneReady":false,"infrastructure":{"kind":"AWSCluster","name":"my-aws-cluster","apiVersion":"infrastructure.cluster.x-k8s.io/v1beta2"},"network":{"podCIDRs":["10.244.0.0/16"],"serviceCIDRs":["10.96.0.0/12"]},"note":"Provider-specific infrastructure details (VPC, subnets, security groups) live on the AWSCluster resource, which this tool does not read."}